yarn run v1.22.0
$ react-scripts start
[34mâ„¹[39m [90mï½¢wdsï½£[39m: Project is running at http://10.19.52.107/
[34mâ„¹[39m [90mï½¢wdsï½£[39m: webpack output is served from 
[34mâ„¹[39m [90mï½¢wdsï½£[39m: Content not from webpack is served from /srv/app/spa/public
[34mâ„¹[39m [90mï½¢wdsï½£[39m: 404s will fallback to /
Starting the development server...

Compiled successfully!

You can now view spa in the browser.

  Local:            http://localhost:3000
  On Your Network:  http://10.19.52.107:3000

Note that the development build is not optimized.
To create a production build, use yarn build.

yarn run v1.22.0
$ react-scripts start
Something is already running on port 3000.
Done in 4.10s.
Compiling...
Compiled successfully!
Compiling...
Compiled successfully!
yarn run v1.22.0
$ react-scripts start
[34mâ„¹[39m [90mï½¢wdsï½£[39m: Project is running at http://10.19.130.105/
[34mâ„¹[39m [90mï½¢wdsï½£[39m: webpack output is served from 
[34mâ„¹[39m [90mï½¢wdsï½£[39m: Content not from webpack is served from /srv/app/spa/public
[34mâ„¹[39m [90mï½¢wdsï½£[39m: 404s will fallback to /
Starting the development server...

Compiled successfully!

You can now view spa in the browser.

  Local:            http://localhost:3000
  On Your Network:  http://10.19.130.105:3000

Note that the development build is not optimized.
To create a production build, use yarn build.

yarn run v1.22.0
$ react-scripts start
[34mâ„¹[39m [90mï½¢wdsï½£[39m: Project is running at http://10.19.130.105/
[34mâ„¹[39m [90mï½¢wdsï½£[39m: webpack output is served from 
[34mâ„¹[39m [90mï½¢wdsï½£[39m: Content not from webpack is served from /srv/app/spa/public
[34mâ„¹[39m [90mï½¢wdsï½£[39m: 404s will fallback to /
Starting the development server...

Compiled successfully!

You can now view spa in the browser.

  Local:            http://localhost:3000
  On Your Network:  http://10.19.130.105:3000

Note that the development build is not optimized.
To create a production build, use yarn build.

Compiling...
Compiled successfully!
Compiling...
Compiled successfully!
Compiling...
Compiled successfully!
yarn run v1.22.0
$ react-scripts start
[34mâ„¹[39m [90mï½¢wdsï½£[39m: Project is running at http://10.19.130.105/
[34mâ„¹[39m [90mï½¢wdsï½£[39m: webpack output is served from 
[34mâ„¹[39m [90mï½¢wdsï½£[39m: Content not from webpack is served from /srv/app/spa/public
[34mâ„¹[39m [90mï½¢wdsï½£[39m: 404s will fallback to /
Starting the development server...

Compiled successfully!

You can now view spa in the browser.

  Local:            http://localhost:3000
  On Your Network:  http://10.19.130.105:3000

Note that the development build is not optimized.
To create a production build, use yarn build.

The build failed because the process exited too early. This probably means the system ran out of memory or someone called `kill -9` on the process.
error Command failed with exit code 1.
info Visit https://yarnpkg.com/en/docs/cli/run for documentation about this command.
